\BOOKMARK [0][]{chapter.1}{\376\377\000M\000u\000q\000a\000d\000d\000i\000m\000a\000\040\040\023\000\040\000k\000i\000f\000e\000h\000\040\000e\000l\000\040\000p\000i\000p\000e\000l\000i\000n\000e\000\040\000y\000e\0005\000d\000e\000m}{}% 1
\BOOKMARK [0][]{chapter.2}{\376\377\000a\000m\000b\000e\000r\000c\000o\000m\000m\000o\000n\000/\000\040\040\023\000\040\000e\000l\000\040\000i\000n\000f\000r\000a\000s\000t\000r\000u\000c\000t\000u\000r\000e\000\040\000e\000l\000\040\000m\000o\000u\000c\000h\000t\000a\000r\000a\000k\000a}{}% 2
\BOOKMARK [1][]{section.2.1}{\376\377\000a\000m\000b\000e\000r\000c\000o\000m\000m\000o\000n\000/\000c\000o\000n\000f\000i\000g\000.\000p\000y}{chapter.2}% 3
\BOOKMARK [2][]{subsection.2.1.1}{\376\377\000P\000r\000e\000c\000e\000d\000e\000n\000c\000e\000\040\040\023\000\040\000m\000n\000i\000n\000\040\000t\000j\000i\000\040\000k\000o\000l\000\040\000v\000a\000l\000u\000e}{section.2.1}% 4
\BOOKMARK [2][]{subsection.2.1.2}{\376\377\000L\000a\000y\000e\000r\000\040\000w\000\040\000L\000A\000Y\000E\000R\000S\000\040\040\023\000\040\000e\000l\000\040\0003\000\040\000c\000o\000u\000c\000h\000e\000s}{section.2.1}% 5
\BOOKMARK [2][]{subsection.2.1.3}{\376\377\000C\000o\000n\000f\000i\000g\000E\000r\000r\000o\000r}{section.2.1}% 6
\BOOKMARK [2][]{subsection.2.1.4}{\376\377\000S\000t\000o\000r\000a\000g\000e\000S\000e\000t\000t\000i\000n\000g\000s}{section.2.1}% 7
\BOOKMARK [2][]{subsection.2.1.5}{\376\377\000T\000a\000b\000l\000e\000S\000e\000t\000t\000i\000n\000g\000s}{section.2.1}% 8
\BOOKMARK [2][]{subsection.2.1.6}{\376\377\000S\000p\000a\000r\000k\000S\000e\000t\000t\000i\000n\000g\000s\000,\000\040\000C\000o\000p\000i\000l\000o\000t\000S\000e\000t\000t\000i\000n\000g\000s\000,\000\040\000M\000L\000S\000e\000t\000t\000i\000n\000g\000s}{section.2.1}% 9
\BOOKMARK [2][]{subsection.2.1.7}{\376\377\000\137\000f\000i\000n\000d\000\137\000c\000o\000n\000f\000i\000g\000\137\000d\000i\000r\000\050\000\051\000\040\040\023\000\040\000k\000i\000f\000e\000h\000\040\000y\000a\000l\0009\000a\000\040\000c\000o\000n\000f\000i\000g\000/}{section.2.1}% 10
\BOOKMARK [2][]{subsection.2.1.8}{\376\377\000Y\000a\000m\000l\000S\000e\000t\000t\000i\000n\000g\000s\000S\000o\000u\000r\000c\000e\000\040\040\023\000\040\000k\000i\000f\000e\000h\000\040\000e\000l\000\040\000Y\000A\000M\000L\000\040\000t\000j\000i\000\040\000S\000e\000t\000t\000i\000n\000g\000s\000\040\000s\000o\000u\000r\000c\000e}{section.2.1}% 11
\BOOKMARK [2][]{subsection.2.1.9}{\376\377\000S\000e\000t\000t\000i\000n\000g\000s\000\040\040\023\000\040\000e\000l\000\040\000c\000l\000a\000s\000s\000\040\000e\000l\000\040\000k\000b\000i\000r\000a}{section.2.1}% 12
\BOOKMARK [2][]{subsection.2.1.10}{\376\377\000g\000e\000t\000\137\000s\000e\000t\000t\000i\000n\000g\000s\000\050\000\051\000\040\000w\000\040\000r\000e\000s\000e\000t\000\137\000s\000e\000t\000t\000i\000n\000g\000s\000\050\000\051}{section.2.1}% 13
\BOOKMARK [1][]{section.2.2}{\376\377\000a\000m\000b\000e\000r\000c\000o\000m\000m\000o\000n\000/\000p\000a\000t\000h\000s\000.\000p\000y}{chapter.2}% 14
\BOOKMARK [2][]{subsection.2.2.1}{\376\377\000P\000a\000t\000h\000E\000r\000r\000o\000r}{section.2.2}% 15
\BOOKMARK [2][]{subsection.2.2.2}{\376\377\000\137\000n\000o\000r\000m\000a\000l\000i\000s\000e\000\137\000r\000o\000o\000t}{section.2.2}% 16
\BOOKMARK [2][]{subsection.2.2.3}{\376\377\000\137\000v\000a\000l\000i\000d\000a\000t\000e\000\137\000s\000e\000g\000m\000e\000n\000t}{section.2.2}% 17
\BOOKMARK [2][]{subsection.2.2.4}{\376\377\000\137\000j\000o\000i\000n}{section.2.2}% 18
\BOOKMARK [2][]{subsection.2.2.5}{\376\377\000s\000t\000o\000r\000a\000g\000e\000\137\000r\000o\000o\000t\000,\000\040\000l\000a\000y\000e\000r\000\137\000p\000a\000t\000h\000,\000\040\000w\000\040\000e\000l\000\040\000h\000e\000l\000p\000e\000r\000s\000\040\000e\000l\000\040\000m\000b\000n\000i\000y\000a\000\040\0003\000l\000i\000h\000a}{section.2.2}% 19
\BOOKMARK [1][]{section.2.3}{\376\377\000a\000m\000b\000e\000r\000c\000o\000m\000m\000o\000n\000/\000f\000s\000.\000p\000y}{chapter.2}% 20
\BOOKMARK [2][]{subsection.2.3.1}{\376\377\000\137\000h\000a\000d\000o\000o\000p\000\137\000p\000a\000t\000h\000\040\000w\000\040\000\137\000f\000i\000l\000e\000s\000y\000s\000t\000e\000m\000\137\000f\000o\000r}{section.2.3}% 21
\BOOKMARK [2][]{subsection.2.3.2}{\376\377\000l\000i\000s\000t\000\137\000f\000i\000l\000e\000s}{section.2.3}% 22
\BOOKMARK [2][]{subsection.2.3.3}{\376\377\000m\000o\000v\000e}{section.2.3}% 23
\BOOKMARK [1][]{section.2.4}{\376\377\000a\000m\000b\000e\000r\000c\000o\000m\000m\000o\000n\000/\000s\000p\000a\000r\000k\000.\000p\000y\000\040\040\023\000\040\000e\000l\000\040\000p\000a\000r\000t\000i\000e\000\040\000e\000l\000\040\000a\000k\000t\000h\000a\000r\000\040\000c\000r\000i\000t\000i\000q\000u\000e}{chapter.2}% 24
\BOOKMARK [2][]{subsection.2.4.1}{\376\377\000S\000p\000a\000r\000k\000T\000i\000m\000e\000z\000o\000n\000e\000E\000r\000r\000o\000r}{section.2.4}% 25
\BOOKMARK [2][]{subsection.2.4.2}{\376\377\000\137\000D\000E\000L\000T\000A\000\137\000C\000O\000N\000F}{section.2.4}% 26
\BOOKMARK [2][]{subsection.2.4.3}{\376\377\000\137\000p\000i\000n\000\137\000p\000y\000t\000h\000o\000n\000\137\000i\000n\000t\000e\000r\000p\000r\000e\000t\000e\000r}{section.2.4}% 27
\BOOKMARK [2][]{subsection.2.4.4}{\376\377\000\137\000p\000i\000n\000\137\000j\000v\000m\000\137\000t\000i\000m\000e\000z\000o\000n\000e}{section.2.4}% 28
\BOOKMARK [2][]{subsection.2.4.5}{\376\377\000\137\000l\000o\000c\000a\000l\000\137\000s\000e\000s\000s\000i\000o\000n}{section.2.4}% 29
\BOOKMARK [2][]{subsection.2.4.6}{\376\377\000E\000l\000\040\000p\000r\000o\000b\000e\000\040\040\023\000\040\000\137\000P\000R\000O\000B\000E\000\137\000W\000A\000L\000L\000\137\000C\000L\000O\000C\000K\000\040\000w\000\040\000\137\000P\000R\000O\000B\000E\000\137\000E\000X\000P\000E\000C\000T\000E\000D\000\137\000D\000A\000T\000E\000T\000I\000M\000E}{section.2.4}% 30
\BOOKMARK [2][]{subsection.2.4.7}{\376\377\000\137\000c\000h\000e\000c\000k\000\137\000u\000t\000c\000\137\000t\000i\000m\000e\000z\000o\000n\000e\000\040\040\023\000\040\000e\000l\000\040\000c\000o\000r\000e\000\040\000l\000o\000g\000i\000c\000,\000\040\000f\000a\000c\000t\000o\000r\000e\000d\000\040\000o\000u\000t\000\040\000l\000\040\000t\000e\000s\000t}{section.2.4}% 31
\BOOKMARK [2][]{subsection.2.4.8}{\376\377\000\137\000v\000e\000r\000i\000f\000y\000\137\000u\000t\000c\000\137\000t\000i\000m\000e\000z\000o\000n\000e\000\040\040\023\000\040\000e\000l\000\040\000p\000r\000o\000b\000e\000\040\000e\000l\000\040\0007\000a\0009\000i\0009\000i}{section.2.4}% 32
\BOOKMARK [2][]{subsection.2.4.9}{\376\377\000g\000e\000t\000\137\000s\000p\000a\000r\000k\000\040\000w\000\040\000s\000t\000o\000p\000\137\000s\000p\000a\000r\000k}{section.2.4}% 33
\BOOKMARK [0][]{chapter.3}{\376\377\000a\000m\000b\000e\000r\000i\000n\000g\000e\000s\000t\000i\000o\000n\000/\000\040\040\023\000\040\000m\000e\000l\000\040\000r\000a\000w\000\040\000N\000D\000J\000S\000O\000N\000\040\000l\000\040\000b\000r\000o\000n\000z\000e}{}% 34
\BOOKMARK [1][]{section.3.1}{\376\377\000a\000m\000b\000e\000r\000i\000n\000g\000e\000s\000t\000i\000o\000n\000/\000s\000c\000h\000e\000m\000a\000s\000.\000p\000y}{chapter.3}% 35
\BOOKMARK [2][]{subsection.3.1.1}{\376\377\000S\000O\000U\000R\000C\000E\000\137\000T\000Y\000P\000E\000S\000\040\000w\000\040\000\137\000M\000O\000D\000U\000L\000E\000\137\000B\000Y\000\137\000S\000O\000U\000R\000C\000E}{section.3.1}% 36
\BOOKMARK [2][]{subsection.3.1.2}{\376\377\000S\000c\000h\000e\000m\000a\000E\000r\000r\000o\000r}{section.3.1}% 37
\BOOKMARK [2][]{subsection.3.1.3}{\376\377\000\137\000l\000o\000a\000d\000\137\000s\000c\000h\000e\000m\000a\000\040\040\023\000\040\000d\000y\000n\000a\000m\000i\000c\000\040\000m\000o\000d\000u\000l\000e\000\040\000l\000o\000a\000d\000i\000n\000g}{section.3.1}% 38
\BOOKMARK [2][]{subsection.3.1.4}{\376\377\000s\000o\000u\000r\000c\000e\000\137\000s\000c\000h\000e\000m\000a\000\040\040\023\000\040\000e\000l\000\040\000e\000n\000t\000r\000y\000\040\000p\000o\000i\000n\000t\000\040\000e\000l\000\040\000c\000a\000c\000h\000e\000d}{section.3.1}% 39
\BOOKMARK [1][]{section.3.2}{\376\377\000a\000m\000b\000e\000r\000i\000n\000g\000e\000s\000t\000i\000o\000n\000/\000b\000r\000o\000n\000z\000e\000\137\000t\000r\000a\000n\000s\000f\000o\000r\000m\000.\000p\000y}{chapter.3}% 40
\BOOKMARK [2][]{subsection.3.2.1}{\376\377\000C\000O\000R\000R\000U\000P\000T\000\137\000C\000O\000L\000U\000M\000N\000\040\000w\000\040\000M\000E\000T\000A\000D\000A\000T\000A\000\137\000C\000O\000L\000U\000M\000N\000S}{section.3.2}% 41
\BOOKMARK [2][]{subsection.3.2.2}{\376\377\000w\000i\000t\000h\000\137\000i\000n\000g\000e\000s\000t\000i\000o\000n\000\137\000m\000e\000t\000a\000d\000a\000t\000a}{section.3.2}% 42
\BOOKMARK [2][]{subsection.3.2.3}{\376\377\000p\000a\000r\000s\000e\000\137\000s\000o\000u\000r\000c\000e}{section.3.2}% 43
\BOOKMARK [2][]{subsection.3.2.4}{\376\377\000s\000p\000l\000i\000t\000\137\000q\000u\000a\000r\000a\000n\000t\000i\000n\000e}{section.3.2}% 44
\BOOKMARK [2][]{subsection.3.2.5}{\376\377\000f\000i\000n\000a\000l\000i\000z\000e\000\137\000b\000r\000o\000n\000z\000e\000\040\000w\000\040\000f\000i\000n\000a\000l\000i\000z\000e\000\137\000q\000u\000a\000r\000a\000n\000t\000i\000n\000e}{section.3.2}% 45
\BOOKMARK [1][]{section.3.3}{\376\377\000a\000m\000b\000e\000r\000i\000n\000g\000e\000s\000t\000i\000o\000n\000/\000b\000r\000o\000n\000z\000e\000\137\000w\000r\000i\000t\000e\000r\000.\000p\000y}{chapter.3}% 46
\BOOKMARK [2][]{subsection.3.3.1}{\376\377\000\137\000P\000R\000O\000C\000E\000S\000S\000E\000D\000\137\000S\000U\000B\000D\000I\000R\000\040\000w\000\040\000B\000r\000o\000n\000z\000e\000W\000r\000i\000t\000e\000R\000e\000s\000u\000l\000t}{section.3.3}% 47
\BOOKMARK [2][]{subsection.3.3.2}{\376\377\000\137\000r\000e\000a\000d\000\137\000l\000a\000n\000d\000i\000n\000g\000\137\000l\000i\000n\000e\000s}{section.3.3}% 48
\BOOKMARK [2][]{subsection.3.3.3}{\376\377\000\137\000m\000o\000v\000e\000\137\000t\000o\000\137\000p\000r\000o\000c\000e\000s\000s\000e\000d}{section.3.3}% 49
\BOOKMARK [2][]{subsection.3.3.4}{\376\377\000w\000r\000i\000t\000e\000\137\000b\000r\000o\000n\000z\000e\000\040\040\023\000\040\000e\000l\000\040\000o\000r\000c\000h\000e\000s\000t\000r\000a\000t\000i\000o\000n\000\040\000e\000l\000\040\000k\000a\000m\000l\000a}{section.3.3}% 50
\BOOKMARK [0][]{chapter.4}{\376\377\000a\000m\000b\000e\000r\000t\000r\000a\000n\000s\000f\000o\000r\000m\000/\000s\000i\000l\000v\000e\000r\000/\000\040\040\023\000\040\000e\000l\000\040\000s\000c\000h\000e\000m\000a\000\040\000u\000n\000i\000f\000i\000\351\000\040\000w\000\040\000e\000l\000\040\000m\000a\000p\000p\000i\000n\000g\000\040\000m\000t\000e\0003\000\040\000c\000o\000w\000r\000i\000e}{}% 51
\BOOKMARK [1][]{section.4.1}{\376\377\000a\000m\000b\000e\000r\000t\000r\000a\000n\000s\000f\000o\000r\000m\000/\000s\000i\000l\000v\000e\000r\000/\000s\000c\000h\000e\000m\000a\000.\000p\000y}{chapter.4}% 52
\BOOKMARK [2][]{subsection.4.1.1}{\376\377\000S\000e\000m\000a\000n\000t\000i\000q\000u\000e\000\040\000m\000t\000e\0003\000\040\000k\000o\000l\000\040\000f\000i\000e\000l\000d\000\040\040\023\000\040\000m\000e\000l\000\040\000d\000o\000c\000s\000t\000r\000i\000n\000g}{section.4.1}% 53
\BOOKMARK [2][]{subsection.4.1.2}{\376\377\000S\000i\000l\000v\000e\000r\000S\000c\000h\000e\000m\000a\000E\000r\000r\000o\000r\000\040\000w\000\040\000A\000T\000T\000A\000C\000K\000\137\000C\000A\000T\000E\000G\000O\000R\000I\000E\000S}{section.4.1}% 54
\BOOKMARK [2][]{subsection.4.1.3}{\376\377\000S\000I\000L\000V\000E\000R\000\137\000E\000V\000E\000N\000T\000\137\000S\000C\000H\000E\000M\000A\000\040\040\023\000\040\000e\000l\000\040\0001\0008\000\040\000f\000i\000e\000l\000d\000s}{section.4.1}% 55
\BOOKMARK [2][]{subsection.4.1.4}{\376\377\000c\000o\000n\000f\000o\000r\000m\000\137\000t\000o\000\137\000s\000i\000l\000v\000e\000r\000\137\000s\000c\000h\000e\000m\000a}{section.4.1}% 56
\BOOKMARK [2][]{subsection.4.1.5}{\376\377\000\137\000a\000s\000s\000e\000r\000t\000\137\000n\000o\000t\000\137\000n\000u\000l\000l}{section.4.1}% 57
\BOOKMARK [1][]{section.4.2}{\376\377\000a\000m\000b\000e\000r\000t\000r\000a\000n\000s\000f\000o\000r\000m\000/\000s\000i\000l\000v\000e\000r\000/\000c\000o\000w\000r\000i\000e\000.\000p\000y\000\040\040\023\000\040\000e\000l\000\040\000m\000a\000p\000p\000i\000n\000g\000\040\000e\000l\000\040\000k\000a\000m\000e\000l}{chapter.4}% 58
\BOOKMARK [2][]{subsection.4.2.1}{\376\377\000\137\000L\000O\000G\000I\000N\000\137\000E\000V\000E\000N\000T\000S\000\040\000w\000\040\000\137\000F\000I\000L\000E\000\137\000E\000V\000E\000N\000T\000S}{section.4.2}% 59
\BOOKMARK [2][]{subsection.4.2.2}{\376\377\000\137\000C\000A\000T\000E\000G\000O\000R\000Y\000\137\000S\000E\000V\000E\000R\000I\000T\000Y\000\040\040\023\000\040\000e\000l\000\040\000j\000a\000d\000w\000a\000l\000\040\000e\000l\000\040\000k\000a\000m\000e\000l}{section.4.2}% 60
\BOOKMARK [2][]{subsection.4.2.3}{\376\377\000\137\000c\000a\000t\000e\000g\000o\000r\000y\000\137\000s\000e\000v\000e\000r\000i\000t\000y\000\137\000c\000o\000l\000u\000m\000n\000s\000\040\040\023\000\040\000k\000i\000f\000e\000h\000\040\000e\000l\000\040\000d\000i\000c\000t\000\040\000y\000e\000-\000b\0009\000a\000\040\000S\000p\000a\000r\000k\000\040\000e\000x\000p\000r\000e\000s\000s\000i\000o\000n}{section.4.2}% 61
\BOOKMARK [2][]{subsection.4.2.4}{\376\377\000m\000a\000p\000\137\000c\000o\000w\000r\000i\000e\000\040\040\023\000\040\000e\000l\000\040\000f\000u\000n\000c\000t\000i\000o\000n\000\040\000e\000l\000\040\000k\000a\000m\000l\000a}{section.4.2}% 62
\BOOKMARK [0][]{chapter.5}{\376\377\000a\000m\000b\000e\000r\000t\000r\000a\000n\000s\000f\000o\000r\000m\000/\000g\000o\000l\000d\000/\000\040\040\023\000\040\000e\000l\000\040\0002\000\040\000t\000a\000b\000l\000e\000s\000\040\000e\000l\000\040\000a\000k\000h\000r\000i\000n}{}% 63
\BOOKMARK [1][]{section.5.1}{\376\377\000a\000m\000b\000e\000r\000t\000r\000a\000n\000s\000f\000o\000r\000m\000/\000g\000o\000l\000d\000/\000w\000r\000i\000t\000e\000r\000.\000p\000y}{chapter.5}% 64
\BOOKMARK [2][]{subsection.5.1.1}{\376\377\000w\000r\000i\000t\000e\000\137\000g\000o\000l\000d\000\137\000t\000a\000b\000l\000e}{section.5.1}% 65
\BOOKMARK [1][]{section.5.2}{\376\377\000a\000m\000b\000e\000r\000t\000r\000a\000n\000s\000f\000o\000r\000m\000/\000g\000o\000l\000d\000/\000a\000t\000t\000a\000c\000k\000e\000r\000\137\000p\000r\000o\000f\000i\000l\000e\000s\000.\000p\000y}{chapter.5}% 66
\BOOKMARK [2][]{subsection.5.2.1}{\376\377\000K\000o\000l\000\040\000c\000o\000l\000u\000m\000n\000,\000\040\000w\000\040\000e\000l\000\040\0003\000l\000e\000c\000h\000\040\000m\000t\000e\0003\000o\000u}{section.5.2}% 67
\BOOKMARK [2][]{subsection.5.2.2}{\376\377\000\137\000T\000O\000P\000\137\000C\000R\000E\000D\000E\000N\000T\000I\000A\000L\000S\000\137\000L\000I\000M\000I\000T\000\040\000w\000\040\000\137\000E\000M\000P\000T\000Y\000\137\000C\000R\000E\000D\000E\000N\000T\000I\000A\000L\000S\000\137\000T\000Y\000P\000E}{section.5.2}% 68
\BOOKMARK [2][]{subsection.5.2.3}{\376\377\000\137\000t\000o\000p\000\137\000c\000r\000e\000d\000e\000n\000t\000i\000a\000l\000s\000\137\000b\000y\000\137\000i\000p\000\040\040\023\000\040\000t\000o\000p\000-\000N\000\040\000p\000a\000r\000\040\000g\000r\000o\000u\000p\000e}{section.5.2}% 69
\BOOKMARK [2][]{subsection.5.2.4}{\376\377\000b\000u\000i\000l\000d\000\137\000a\000t\000t\000a\000c\000k\000e\000r\000\137\000p\000r\000o\000f\000i\000l\000e\000s}{section.5.2}% 70
\BOOKMARK [2][]{subsection.5.2.5}{\376\377\000g\000e\000o\000\040\000s\000t\000r\000u\000c\000t\000\040\040\023\000\040\000b\000\040\000e\000n\000r\000i\000c\000h\000e\000r\000\040\000w\000a\000l\000l\000a\000\040\000b\000i\000d\000o\000u\000n}{section.5.2}% 71
\BOOKMARK [2][]{subsection.5.2.6}{\376\377\000w\000r\000i\000t\000e\000\137\000a\000t\000t\000a\000c\000k\000e\000r\000\137\000p\000r\000o\000f\000i\000l\000e\000s}{section.5.2}% 72
\BOOKMARK [1][]{section.5.3}{\376\377\000a\000m\000b\000e\000r\000t\000r\000a\000n\000s\000f\000o\000r\000m\000/\000g\000o\000l\000d\000/\000a\000t\000t\000a\000c\000k\000\137\000t\000i\000m\000e\000l\000i\000n\000e\000.\000p\000y}{chapter.5}% 73
\BOOKMARK [2][]{subsection.5.3.1}{\376\377\000b\000u\000i\000l\000d\000\137\000a\000t\000t\000a\000c\000k\000\137\000t\000i\000m\000e\000l\000i\000n\000e}{section.5.3}% 74
\BOOKMARK [2][]{subsection.5.3.2}{\376\377\000w\000r\000i\000t\000e\000\137\000a\000t\000t\000a\000c\000k\000\137\000t\000i\000m\000e\000l\000i\000n\000e}{section.5.3}% 75
\BOOKMARK [0][]{chapter.6}{\376\377\000a\000m\000b\000e\000r\000m\000l\000/\000\040\040\023\000\040\000e\000l\000\040\0002\000\040\000d\000e\000t\000e\000c\000t\000o\000r\000s}{}% 76
\BOOKMARK [1][]{section.6.1}{\376\377\000a\000m\000b\000e\000r\000m\000l\000/\000f\000e\000a\000t\000u\000r\000e\000s\000.\000p\000y}{chapter.6}% 77
\BOOKMARK [2][]{subsection.6.1.1}{\376\377\000D\000E\000F\000A\000U\000L\000T\000\137\000W\000I\000N\000D\000O\000W\000\137\000S\000E\000C\000O\000N\000D\000S\000\040\000w\000\040\000A\000N\000O\000M\000A\000L\000Y\000\137\000F\000E\000A\000T\000U\000R\000E\000\137\000N\000A\000M\000E\000S}{section.6.1}% 78
\BOOKMARK [2][]{subsection.6.1.2}{\376\377\000F\000e\000a\000t\000u\000r\000e\000V\000a\000l\000i\000d\000a\000t\000i\000o\000n\000E\000r\000r\000o\000r}{section.6.1}% 79
\BOOKMARK [2][]{subsection.6.1.3}{\376\377\000b\000u\000i\000l\000d\000\137\000f\000e\000a\000t\000u\000r\000e\000s\000\040\040\023\000\040\000e\000l\000\040\000c\000o\000r\000e}{section.6.1}% 80
\BOOKMARK [2][]{subsection.6.1.4}{\376\377\000v\000a\000l\000i\000d\000a\000t\000e\000\137\000f\000e\000a\000t\000u\000r\000e\000\137\000f\000r\000a\000m\000e}{section.6.1}% 81
\BOOKMARK [1][]{section.6.2}{\376\377\000a\000m\000b\000e\000r\000m\000l\000/\000r\000u\000l\000e\000s\000.\000p\000y}{chapter.6}% 82
\BOOKMARK [2][]{subsection.6.2.1}{\376\377\000P\000O\000R\000T\000\137\000S\000C\000A\000N\000\137\000D\000I\000S\000T\000I\000N\000C\000T\000\137\000P\000O\000R\000T\000\137\000T\000H\000R\000E\000S\000H\000O\000L\000D}{section.6.2}% 83
\BOOKMARK [2][]{subsection.6.2.2}{\376\377\000p\000o\000r\000t\000\137\000s\000c\000a\000n\000\137\000r\000u\000l\000e}{section.6.2}% 84
\BOOKMARK [1][]{section.6.3}{\376\377\000a\000m\000b\000e\000r\000m\000l\000/\000t\000r\000a\000i\000n\000\137\000a\000n\000o\000m\000a\000l\000y\000.\000p\000y}{chapter.6}% 85
\BOOKMARK [2][]{subsection.6.3.1}{\376\377\000\137\000R\000A\000N\000D\000O\000M\000\137\000S\000T\000A\000T\000E\000\040\000w\000\040\000A\000n\000o\000m\000a\000l\000y\000T\000r\000a\000i\000n\000i\000n\000g\000R\000e\000s\000u\000l\000t}{section.6.3}% 86
\BOOKMARK [2][]{subsection.6.3.2}{\376\377\000t\000r\000a\000i\000n\000\137\000a\000n\000o\000m\000a\000l\000y\000\040\040\023\000\040\000e\000l\000\040\000f\000u\000n\000c\000t\000i\000o\000n\000\040\000e\000l\000\040\000k\000a\000m\000l\000a}{section.6.3}% 87
\BOOKMARK [1][]{section.6.4}{\376\377\000a\000m\000b\000e\000r\000m\000l\000/\000s\000c\000o\000r\000e\000\137\000e\000v\000e\000n\000t\000s\000.\000p\000y}{chapter.6}% 88
\BOOKMARK [2][]{subsection.6.4.1}{\376\377\000S\000C\000O\000R\000E\000S\000\137\000S\000C\000H\000E\000M\000A}{section.6.4}% 89
\BOOKMARK [2][]{subsection.6.4.2}{\376\377\000S\000c\000o\000r\000i\000n\000g\000R\000e\000s\000u\000l\000t}{section.6.4}% 90
\BOOKMARK [2][]{subsection.6.4.3}{\376\377\000\137\000a\000l\000r\000e\000a\000d\000y\000\137\000s\000c\000o\000r\000e\000d\000\137\000e\000v\000e\000n\000t\000\137\000i\000d\000s}{section.6.4}% 91
\BOOKMARK [2][]{subsection.6.4.4}{\376\377\000s\000c\000o\000r\000e\000\137\000s\000i\000l\000v\000e\000r\000\137\000e\000v\000e\000n\000t\000s}{section.6.4}% 92
\BOOKMARK [2][]{subsection.6.4.5}{\376\377\000w\000r\000i\000t\000e\000\137\000s\000c\000o\000r\000e\000d\000\137\000e\000v\000e\000n\000t\000s}{section.6.4}% 93
\BOOKMARK [0][]{chapter.7}{\376\377\000a\000m\000b\000e\000r\000c\000o\000p\000i\000l\000o\000t\000/\000\040\040\023\000\040\000n\000a\000t\000u\000r\000a\000l\000\040\000l\000a\000n\000g\000u\000a\000g\000e\000\040\000l\000\040\000S\000Q\000L\000,\000\040\000b\000\040\000g\000u\000a\000r\000d\000r\000a\000i\000l\000s}{}% 94
\BOOKMARK [1][]{section.7.1}{\376\377\000a\000m\000b\000e\000r\000c\000o\000p\000i\000l\000o\000t\000/\000g\000u\000a\000r\000d\000r\000a\000i\000l\000s\000.\000p\000y\000\040\040\023\000\040\000e\000l\000\040\000c\000o\000u\000c\000h\000e\000\040\000e\000l\000\040\000a\000k\000t\000h\000a\000r\000\040\000s\000e\000c\000u\000r\000i\000s\000\351\000e}{chapter.7}% 95
\BOOKMARK [2][]{subsection.7.1.1}{\376\377\000A\000L\000L\000O\000W\000E\000D\000\137\000T\000A\000B\000L\000E\000S\000\040\040\023\000\040\000e\000l\000\040\000a\000l\000l\000o\000w\000l\000i\000s\000t\000\040\000e\000l\000\040\000t\000r\000i\000m\000m\000e\000d}{section.7.1}% 96
\BOOKMARK [2][]{subsection.7.1.2}{\376\377\000M\000A\000X\000\137\000R\000O\000W\000S\000\040\000w\000\040\000\137\000R\000E\000A\000D\000\137\000O\000N\000L\000Y\000\137\000T\000Y\000P\000E\000S}{section.7.1}% 97
\BOOKMARK [2][]{subsection.7.1.3}{\376\377\000\137\000B\000A\000N\000N\000E\000D\000\137\000K\000E\000Y\000W\000O\000R\000D\000S\000\040\000w\000\040\000\137\000B\000A\000N\000N\000E\000D\000\137\000K\000E\000Y\000W\000O\000R\000D\000\137\000P\000A\000T\000T\000E\000R\000N}{section.7.1}% 98
\BOOKMARK [2][]{subsection.7.1.4}{\376\377\000G\000u\000a\000r\000d\000r\000a\000i\000l\000R\000e\000j\000e\000c\000t\000i\000o\000n\000E\000r\000r\000o\000r}{section.7.1}% 99
\BOOKMARK [2][]{subsection.7.1.5}{\376\377\000\137\000r\000a\000w\000\137\000k\000e\000y\000w\000o\000r\000d\000\137\000s\000c\000a\000n}{section.7.1}% 100
\BOOKMARK [2][]{subsection.7.1.6}{\376\377\000\137\000p\000a\000r\000s\000e\000\137\000s\000i\000n\000g\000l\000e\000\137\000s\000t\000a\000t\000e\000m\000e\000n\000t}{section.7.1}% 101
\BOOKMARK [2][]{subsection.7.1.7}{\376\377\000\137\000c\000h\000e\000c\000k\000\137\000r\000e\000a\000d\000\137\000o\000n\000l\000y\000\040\000w\000\040\000\137\000c\000h\000e\000c\000k\000\137\000t\000a\000b\000l\000e\000\137\000a\000l\000l\000o\000w\000l\000i\000s\000t}{section.7.1}% 102
\BOOKMARK [2][]{subsection.7.1.8}{\376\377\000\137\000r\000e\000q\000u\000e\000s\000t\000e\000d\000\137\000r\000o\000w\000\137\000l\000i\000m\000i\000t\000\040\000w\000\040\000\137\000b\000o\000u\000n\000d\000\137\000r\000o\000w\000\137\000l\000i\000m\000i\000t}{section.7.1}% 103
\BOOKMARK [2][]{subsection.7.1.9}{\376\377\000v\000a\000l\000i\000d\000a\000t\000e\000\137\000a\000n\000d\000\137\000b\000o\000u\000n\000d\000\040\040\023\000\040\000e\000l\000\040\000o\000r\000c\000h\000e\000s\000t\000r\000a\000t\000i\000o\000n\000\040\000e\000l\000\040\000k\000a\000m\000l\000a}{section.7.1}% 104
\BOOKMARK [1][]{section.7.2}{\376\377\000a\000m\000b\000e\000r\000c\000o\000p\000i\000l\000o\000t\000/\000t\000e\000x\000t\000\137\000t\000o\000\137\000s\000q\000l\000.\000p\000y}{chapter.7}% 105
\BOOKMARK [2][]{subsection.7.2.1}{\376\377\000G\000E\000M\000I\000N\000I\000\137\000A\000P\000I\000\137\000K\000E\000Y\000\137\000E\000N\000V\000\137\000V\000A\000R\000\040\000w\000\040\000c\000o\000n\000s\000t\000a\000n\000t\000s\000\040\000o\0005\000r\000i\000n}{section.7.2}% 106
\BOOKMARK [2][]{subsection.7.2.2}{\376\377\000C\000o\000p\000i\000l\000o\000t\000C\000o\000n\000f\000i\000g\000E\000r\000r\000o\000r\000\040\000v\000s\000\040\000C\000o\000p\000i\000l\000o\000t\000P\000r\000o\000v\000i\000d\000e\000r\000E\000r\000r\000o\000r}{section.7.2}% 107
\BOOKMARK [2][]{subsection.7.2.3}{\376\377\000\137\000e\000x\000t\000r\000a\000c\000t\000\137\000s\000q\000l}{section.7.2}% 108
\BOOKMARK [2][]{subsection.7.2.4}{\376\377\000\137\000c\000a\000l\000l\000\137\000g\000e\000m\000i\000n\000i}{section.7.2}% 109
\BOOKMARK [2][]{subsection.7.2.5}{\376\377\000\137\000s\000a\000f\000e\000\137\000s\000t\000r\000\040\040\023\000\040\000d\000e\000f\000e\000n\000s\000e\000-\000i\000n\000-\000d\000e\000p\000t\000h\000\040\000e\000l\000\040\000t\000h\000e\000n\000i\000y\000a}{section.7.2}% 110
\BOOKMARK [2][]{subsection.7.2.6}{\376\377\000g\000e\000n\000e\000r\000a\000t\000e\000\137\000s\000q\000l\000\040\040\023\000\040\000e\000l\000\040\000e\000n\000t\000r\000y\000\040\000p\000o\000i\000n\000t}{section.7.2}% 111
\BOOKMARK [1][]{section.7.3}{\376\377\000a\000m\000b\000e\000r\000c\000o\000p\000i\000l\000o\000t\000/\000p\000r\000o\000m\000p\000t\000s\000.\000p\000y}{chapter.7}% 112
\BOOKMARK [2][]{subsection.7.3.1}{\376\377\000\137\000G\000R\000A\000I\000N\000\137\000H\000I\000N\000T\000S}{section.7.3}% 113
\BOOKMARK [2][]{subsection.7.3.2}{\376\377\000S\000c\000h\000e\000m\000a\000U\000n\000a\000v\000a\000i\000l\000a\000b\000l\000e\000E\000r\000r\000o\000r}{section.7.3}% 114
\BOOKMARK [2][]{subsection.7.3.3}{\376\377\000\137\000d\000e\000s\000c\000r\000i\000b\000e\000\137\000t\000a\000b\000l\000e}{section.7.3}% 115
\BOOKMARK [2][]{subsection.7.3.4}{\376\377\000b\000u\000i\000l\000d\000\137\000s\000y\000s\000t\000e\000m\000\137\000p\000r\000o\000m\000p\000t}{section.7.3}% 116
\BOOKMARK [0][]{chapter.8}{\376\377\000a\000m\000b\000e\000r\000a\000p\000i\000/\000\040\040\023\000\040\000F\000a\000s\000t\000A\000P\000I\000,\000\040\0003\000\040\000e\000n\000d\000p\000o\000i\000n\000t\000s\000,\000\040\000r\000e\000a\000d\000-\000o\000n\000l\000y}{}% 117
\BOOKMARK [1][]{section.8.1}{\376\377\000a\000m\000b\000e\000r\000a\000p\000i\000/\000a\000p\000p\000.\000p\000y\000\040\040\023\000\040\000e\000l\000\040\000f\000a\000c\000t\000o\000r\000y}{chapter.8}% 118
\BOOKMARK [2][]{subsection.8.1.1}{\376\377\000\137\000R\000O\000U\000T\000E\000R\000\137\000M\000O\000D\000U\000L\000E\000S}{section.8.1}% 119
\BOOKMARK [2][]{subsection.8.1.2}{\376\377\000c\000r\000e\000a\000t\000e\000\137\000a\000p\000p\000\040\040\023\000\040\000e\000l\000\040\000l\000i\000f\000e\000s\000p\000a\000n\000\040\000p\000a\000t\000t\000e\000r\000n}{section.8.1}% 120
\BOOKMARK [1][]{section.8.2}{\376\377\000a\000m\000b\000e\000r\000a\000p\000i\000/\000d\000e\000p\000s\000.\000p\000y}{chapter.8}% 121
\BOOKMARK [2][]{subsection.8.2.1}{\376\377\000g\000e\000t\000\137\000s\000e\000t\000t\000i\000n\000g\000s\000\137\000d\000e\000p\000\040\000w\000\040\000g\000e\000t\000\137\000s\000p\000a\000r\000k\000\137\000d\000e\000p}{section.8.2}% 122
\BOOKMARK [1][]{section.8.3}{\376\377\000a\000m\000b\000e\000r\000a\000p\000i\000/\000\137\000t\000a\000b\000l\000e\000s\000.\000p\000y\000\040\040\023\000\040\000e\000l\000\040\000s\000h\000a\000r\000e\000d\000\040\000r\000e\000a\000d\000\040\000l\000o\000g\000i\000c}{chapter.8}% 123
\BOOKMARK [2][]{subsection.8.3.1}{\376\377\000\137\000A\000L\000E\000R\000T\000\137\000S\000I\000L\000V\000E\000R\000\137\000C\000O\000L\000U\000M\000N\000S\000\040\000w\000\040\000A\000L\000E\000R\000T\000\137\000C\000O\000L\000U\000M\000N\000S}{section.8.3}% 124
\BOOKMARK [2][]{subsection.8.3.2}{\376\377\000r\000e\000a\000d\000\137\000g\000o\000l\000d\000\137\000t\000a\000b\000l\000e\000\040\000w\000\040\000r\000e\000a\000d\000\137\000s\000i\000l\000v\000e\000r}{section.8.3}% 125
\BOOKMARK [2][]{subsection.8.3.3}{\376\377\000r\000e\000a\000d\000\137\000a\000l\000e\000r\000t\000s\000\040\040\023\000\040\000e\000l\000\040\000j\000o\000i\000n\000\040\000e\000l\000\040\000a\000s\000a\000s\000i}{section.8.3}% 126
\BOOKMARK [1][]{section.8.4}{\376\377\000a\000m\000b\000e\000r\000a\000p\000i\000/\000s\000c\000h\000e\000m\000a\000s\000.\000p\000y}{chapter.8}% 127
\BOOKMARK [2][]{subsection.8.4.1}{\376\377\000A\000l\000e\000r\000t\000I\000t\000e\000m\000\040\000w\000\040\000A\000l\000e\000r\000t\000s\000R\000e\000s\000p\000o\000n\000s\000e}{section.8.4}% 128
\BOOKMARK [2][]{subsection.8.4.2}{\376\377\000C\000r\000e\000d\000e\000n\000t\000i\000a\000l\000A\000t\000t\000e\000m\000p\000t\000\040\000w\000\040\000A\000t\000t\000a\000c\000k\000e\000r\000P\000r\000o\000f\000i\000l\000e}{section.8.4}% 129
\BOOKMARK [2][]{subsection.8.4.3}{\376\377\000A\000t\000t\000a\000c\000k\000e\000r\000P\000r\000o\000f\000i\000l\000e\000s\000R\000e\000s\000p\000o\000n\000s\000e\000\040\000w\000\040\000A\000t\000t\000a\000c\000k\000e\000r\000D\000r\000i\000l\000l\000d\000o\000w\000n}{section.8.4}% 130
\BOOKMARK [2][]{subsection.8.4.4}{\376\377\000C\000o\000p\000i\000l\000o\000t\000Q\000u\000e\000r\000y\000R\000e\000q\000u\000e\000s\000t\000\040\000w\000\040\000C\000o\000p\000i\000l\000o\000t\000Q\000u\000e\000r\000y\000R\000e\000s\000p\000o\000n\000s\000e}{section.8.4}% 131
\BOOKMARK [1][]{section.8.5}{\376\377\000a\000m\000b\000e\000r\000a\000p\000i\000/\000r\000o\000u\000t\000e\000r\000s\000/\000a\000l\000e\000r\000t\000s\000.\000p\000y}{chapter.8}% 132
\BOOKMARK [2][]{subsection.8.5.1}{\376\377\000\137\000D\000E\000F\000A\000U\000L\000T\000\137\000L\000I\000M\000I\000T\000,\000\040\000\137\000M\000A\000X\000\137\000L\000I\000M\000I\000T\000,\000\040\000w\000\040\000l\000i\000s\000t\000\137\000a\000l\000e\000r\000t\000s}{section.8.5}% 133
\BOOKMARK [1][]{section.8.6}{\376\377\000a\000m\000b\000e\000r\000a\000p\000i\000/\000r\000o\000u\000t\000e\000r\000s\000/\000a\000t\000t\000a\000c\000k\000e\000r\000\137\000p\000r\000o\000f\000i\000l\000e\000s\000.\000p\000y}{chapter.8}% 134
\BOOKMARK [2][]{subsection.8.6.1}{\376\377\000\137\000P\000R\000O\000F\000I\000L\000E\000\137\000C\000O\000L\000U\000M\000N\000S\000\040\000w\000\040\000\137\000s\000e\000l\000e\000c\000t\000\137\000p\000r\000o\000f\000i\000l\000e\000\137\000c\000o\000l\000u\000m\000n\000s}{section.8.6}% 135
\BOOKMARK [2][]{subsection.8.6.2}{\376\377\000\137\000p\000r\000o\000f\000i\000l\000e\000\137\000f\000r\000o\000m\000\137\000r\000o\000w}{section.8.6}% 136
\BOOKMARK [2][]{subsection.8.6.3}{\376\377\000l\000i\000s\000t\000\137\000a\000t\000t\000a\000c\000k\000e\000r\000\137\000p\000r\000o\000f\000i\000l\000e\000s}{section.8.6}% 137
\BOOKMARK [2][]{subsection.8.6.4}{\376\377\000g\000e\000t\000\137\000a\000t\000t\000a\000c\000k\000e\000r\000\137\000p\000r\000o\000f\000i\000l\000e\000\040\040\023\000\040\000e\000l\000\040\000d\000r\000i\000l\000l\000d\000o\000w\000n}{section.8.6}% 138
\BOOKMARK [1][]{section.8.7}{\376\377\000a\000m\000b\000e\000r\000a\000p\000i\000/\000r\000o\000u\000t\000e\000r\000s\000/\000c\000o\000p\000i\000l\000o\000t\000.\000p\000y\000\040\040\023\000\040\000e\000l\000\040\0003\000-\000s\000t\000e\000p\000\040\000f\000l\000o\000w}{chapter.8}% 139
\BOOKMARK [2][]{subsection.8.7.1}{\376\377\000\137\000r\000e\000j\000e\000c\000t\000e\000d}{section.8.7}% 140
\BOOKMARK [2][]{subsection.8.7.2}{\376\377\000c\000o\000p\000i\000l\000o\000t\000\137\000q\000u\000e\000r\000y\000\040\040\023\000\040\000S\000t\000e\000p\000\040\0001\000:\000\040\000g\000e\000n\000e\000r\000a\000t\000i\000o\000n}{section.8.7}% 141
\BOOKMARK [2][]{subsection.8.7.3}{\376\377\000S\000t\000e\000p\000\040\0002\000:\000\040\000g\000u\000a\000r\000d\000r\000a\000i\000l}{section.8.7}% 142
\BOOKMARK [2][]{subsection.8.7.4}{\376\377\000S\000t\000e\000p\000\040\0003\000:\000\040\000t\000e\000m\000p\000\040\000v\000i\000e\000w\000s\000\040\000w\000\040\000e\000x\000e\000c\000u\000t\000i\000o\000n}{section.8.7}% 143
\BOOKMARK [0][]{chapter.9}{\376\377\000T\000a\000b\000l\000e\000a\000u\000\040\000r\000\351\000c\000a\000p\000i\000t\000u\000l\000a\000t\000i\000f\000\040\040\023\000\040\000"\000w\000i\000n\000\040\000n\000a\000l\0009\000a\000\040\000c\000h\000n\000o\000w\000a\000"}{}% 144
